Component: ARM Compiler 5.05 update 1 (build 106) Tool: armlink [4d0efa]

==============================================================================

Section Cross References

    main.o(.text) refers to misc.o(.text) for NVIC_PriorityGroupConfig
    main.o(.text) refers to delay.o(.text) for delay_init
    main.o(.text) refers to usart.o(.text) for uart_init
    main.o(.text) refers to adc.o(.text) for ADC1_Init
    main.o(.text) refers to dac.o(.text) for DAC1_Init
    main.o(.text) refers to key.o(.text) for KEY_Init
    main.o(.text) refers to led.o(.text) for LED_Init
    main.o(.text) refers to edcode.o(.text) for Speex_Init
    main.o(.text) refers to 24l01.o(.text) for NRF24L01_Init
    main.o(.text) refers to lcd.o(.text) for LCD_Init
    main.o(.text) refers to lcd.o(.data) for POINT_COLOR
    main.o(.text) refers to main.o(.data) for key
    system_stm32f10x.o(.text) refers to system_stm32f10x.o(.data) for SystemCoreClock
    startup_stm32f10x_hd.o(RESET) refers to startup_stm32f10x_hd.o(STACK) for __initial_sp
    startup_stm32f10x_hd.o(RESET) refers to startup_stm32f10x_hd.o(.text) for Reset_Handler
    startup_stm32f10x_hd.o(RESET) refers to stm32f10x_it.o(.text) for NMI_Handler
    startup_stm32f10x_hd.o(RESET) refers to nvic.o(.text) for DMA1_Channel1_IRQHandler
    startup_stm32f10x_hd.o(RESET) refers to usart.o(.text) for USART1_IRQHandler
    startup_stm32f10x_hd.o(.text) refers to system_stm32f10x.o(.text) for SystemInit
    startup_stm32f10x_hd.o(.text) refers to entry.o(.ARM.Collect$$$$00000000) for __main
    stm32f10x_adc.o(.text) refers to stm32f10x_rcc.o(.text) for RCC_APB2PeriphResetCmd
    stm32f10x_bkp.o(.text) refers to stm32f10x_rcc.o(.text) for RCC_BackupResetCmd
    stm32f10x_can.o(.text) refers to stm32f10x_rcc.o(.text) for RCC_APB1PeriphResetCmd
    stm32f10x_cec.o(.text) refers to stm32f10x_rcc.o(.text) for RCC_APB1PeriphResetCmd
    stm32f10x_dac.o(.text) refers to stm32f10x_rcc.o(.text) for RCC_APB1PeriphResetCmd
    stm32f10x_gpio.o(.text) refers to stm32f10x_rcc.o(.text) for RCC_APB2PeriphResetCmd
    stm32f10x_i2c.o(.text) refers to stm32f10x_rcc.o(.text) for RCC_APB1PeriphResetCmd
    stm32f10x_pwr.o(.text) refers to stm32f10x_rcc.o(.text) for RCC_APB1PeriphResetCmd
    stm32f10x_rcc.o(.text) refers to stm32f10x_rcc.o(.data) for APBAHBPrescTable
    stm32f10x_spi.o(.text) refers to stm32f10x_rcc.o(.text) for RCC_APB2PeriphResetCmd
    stm32f10x_tim.o(.text) refers to stm32f10x_rcc.o(.text) for RCC_APB2PeriphResetCmd
    stm32f10x_usart.o(.text) refers to stm32f10x_rcc.o(.text) for RCC_APB2PeriphResetCmd
    stm32f10x_wwdg.o(.text) refers to stm32f10x_rcc.o(.text) for RCC_APB1PeriphResetCmd
    delay.o(.text) refers to misc.o(.text) for SysTick_CLKSourceConfig
    delay.o(.text) refers to system_stm32f10x.o(.data) for SystemCoreClock
    delay.o(.text) refers to delay.o(.data) for fac_us
    usart.o(.text) refers to stm32f10x_rcc.o(.text) for RCC_APB2PeriphClockCmd
    usart.o(.text) refers to stm32f10x_gpio.o(.text) for GPIO_Init
    usart.o(.text) refers to misc.o(.text) for NVIC_Init
    usart.o(.text) refers to stm32f10x_usart.o(.text) for USART_Init
    usart.o(.text) refers to usart.o(.data) for USART_RX_STA
    usart.o(.text) refers to usart.o(.bss) for USART_RX_BUF
    segger_rtt.o(.text) refers to strcpy.o(.text) for strcpy
    segger_rtt.o(.text) refers to memmovea.o(.text) for __aeabi_memcpy
    segger_rtt.o(.text) refers to segger_rtt.o(.bss) for _SEGGER_RTT
    segger_rtt.o(.text) refers to segger_rtt.o(.data) for _aTerminalId
    segger_rtt.o(.text) refers to strlen.o(.text) for strlen
    segger_rtt_printf.o(.text) refers to segger_rtt.o(.text) for SEGGER_RTT_Write
    segger_rtt_printf.o(.text) refers to segger_rtt_printf.o(.constdata) for _aV2C
    bits.o(.text) refers to calloc.o(.text) for calloc
    bits.o(.text) refers to mallocr.o(i.__free$realloc) for free
    bits.o(.text) refers to memmovea.o(.text) for __aeabi_memmove
    bits.o(.text) refers to mallocr.o(i.realloc) for realloc
    buffer.o(.text) refers to memmovea.o(.text) for __aeabi_memcpy
    buffer.o(.text) refers to memseta.o(.text) for __aeabi_memclr
    buffer.o(.text) refers to calloc.o(.text) for calloc
    buffer.o(.text) refers to mallocr.o(i.realloc) for realloc
    buffer.o(.text) refers to mallocr.o(i.__free$realloc) for free
    speex_callbacks.o(.text) refers to bits.o(.text) for speex_bits_unpack_unsigned
    speex_callbacks.o(.text) refers to speex.o(.text) for speex_encoder_ctl
    speex_callbacks.o(.text) refers to main.o(.text) for _speex_putc
    speex_header.o(.text) refers to modes.o(.text) for speex_mode_query
    speex_header.o(.text) refers to memmovea.o(.text) for __aeabi_memcpy4
    speex_header.o(.text) refers to calloc.o(.text) for calloc
    speex_header.o(.text) refers to mallocr.o(i.__free$realloc) for free
    cb_search.o(.text) refers to memmovea.o(.text) for __aeabi_memcpy
[...]
    ..\Speex_Lib\libspeex\speex_header.c     0x00000000   Number         0  speex_header.o ABSOLUTE
    ..\Speex_Lib\libspeex\window.c           0x00000000   Number         0  window.o ABSOLUTE
    ..\\CORE\\core_cm3.c                     0x00000000   Number         0  core_cm3.o ABSOLUTE
    ..\\SYSTEM\\sys\\sys.c                   0x00000000   Number         0  sys.o ABSOLUTE
    ..\\Speex_Lib\\STM32\\libspeex\\filters.c 0x00000000   Number         0  filters.o ABSOLUTE
    ..\\Speex_Lib\\STM32\\libspeex\\ltp.c    0x00000000   Number         0  ltp.o ABSOLUTE
    ..\\Speex_Lib\\STM32\\libspeex\\vq.c     0x00000000   Number         0  vq.o ABSOLUTE
    cdrcmple.s                               0x00000000   Number         0  cdrcmple.o ABSOLUTE
    dc.s                                     0x00000000   Number         0  dc.o ABSOLUTE
    handlers.s                               0x00000000   Number         0  handlers.o ABSOLUTE
    init.s                                   0x00000000   Number         0  init.o ABSOLUTE
    main.c                                   0x00000000   Number         0  main.o ABSOLUTE
    stm32f10x_it.c                           0x00000000   Number         0  stm32f10x_it.o ABSOLUTE
    system_stm32f10x.c                       0x00000000   Number         0  system_stm32f10x.o ABSOLUTE
    RESET                                    0x08000000   Section      304  startup_stm32f10x_hd.o(RESET)
    .ARM.Collect$$$$00000000                 0x08000130   Section        0  entry.o(.ARM.Collect$$$$00000000)
    .ARM.Collect$$$$00000001                 0x08000130   Section        4  entry2.o(.ARM.Collect$$$$00000001)
    .ARM.Collect$$$$00000004                 0x08000134   Section        4  entry5.o(.ARM.Collect$$$$00000004)
    .ARM.Collect$$$$00000008                 0x08000138   Section        0  entry7b.o(.ARM.Collect$$$$00000008)
    .ARM.Collect$$$$0000000A                 0x08000138   Section        0  entry8b.o(.ARM.Collect$$$$0000000A)
    .ARM.Collect$$$$0000000B                 0x08000138   Section        8  entry9a.o(.ARM.Collect$$$$0000000B)
    .ARM.Collect$$$$0000000D                 0x08000140   Section        0  entry10a.o(.ARM.Collect$$$$0000000D)
    .ARM.Collect$$$$0000000F                 0x08000140   Section        0  entry11a.o(.ARM.Collect$$$$0000000F)
    .ARM.Collect$$$$00002712                 0x08000140   Section        4  entry2.o(.ARM.Collect$$$$00002712)
    __lit__00000000                          0x08000140   Data           4  entry2.o(.ARM.Collect$$$$00002712)
    .emb_text                                0x08000144   Section      496  filters.o(.emb_text)
    .emb_text                                0x08000334   Section      574  ltp.o(.emb_text)
    .emb_text                                0x08000574   Section      170  vq.o(.emb_text)
    .text                                    0x08000620   Section        0  main.o(.text)
    .text                                    0x080007fc   Section        0  stm32f10x_it.o(.text)
    .text                                    0x08000818   Section        0  system_stm32f10x.o(.text)
    SetSysClockTo72                          0x08000819   Thumb Code   214  system_stm32f10x.o(.text)
    SetSysClock                              0x080008ef   Thumb Code     8  system_stm32f10x.o(.text)
    .text                                    0x080009f8   Section       36  startup_stm32f10x_hd.o(.text)
    .text                                    0x08000a1c   Section        0  misc.o(.text)
    .text                                    0x08000af8   Section        0  stm32f10x_adc.o(.text)
    .text                                    0x08000f48   Section        0  stm32f10x_dac.o(.text)
    .text                                    0x080010d4   Section        0  stm32f10x_dma.o(.text)
    .text                                    0x08001328   Section        0  stm32f10x_gpio.o(.text)
    .text                                    0x08001684   Section        0  stm32f10x_rcc.o(.text)
    .text                                    0x08001a28   Section        0  stm32f10x_spi.o(.text)
    .text                                    0x08001d34   Section        0  stm32f10x_tim.o(.text)
    TI4_Config                               0x080021db   Thumb Code   130  stm32f10x_tim.o(.text)
    TI3_Config                               0x0800226f   Thumb Code   122  stm32f10x_tim.o(.text)
    TI2_Config                               0x08002303   Thumb Code   130  stm32f10x_tim.o(.text)
    TI1_Config                               0x08002397   Thumb Code   108  stm32f10x_tim.o(.text)
    .text                                    0x08002b50   Section        0  stm32f10x_usart.o(.text)
    .text                                    0x08002f58   Section        0  delay.o(.text)
    .text                                    0x0800302c   Section        0  usart.o(.text)
    .text                                    0x0800316c   Section        0  bits.o(.text)
    speex_bits_flush                         0x08003257   Thumb Code    68  bits.o(.text)
    speex_realloc                            0x08003721   Thumb Code    16  bits.o(.text)
    .text                                    0x08003730   Section        0  lpc.o(.text)
    .text                                    0x080038c8   Section        0  lsp.o(.text)
    spx_sqrt                                 0x080038c9   Thumb Code   142  lsp.o(.text)
    cheb_poly_eva                            0x08003957   Thumb Code   102  lsp.o(.text)
    spx_acos                                 0x0800406b   Thumb Code    82  lsp.o(.text)
    spx_cos                                  0x080040bd   Thumb Code   138  lsp.o(.text)
    .text                                    0x08004150   Section        0  speex.o(.text)
    .text                                    0x080042fc   Section        0  speex_callbacks.o(.text)
    .text                                    0x08004428   Section        0  cb_search.o(.text)
    compute_weighted_codebook                0x08004429   Thumb Code   970  cb_search.o(.text)
    .text                                    0x08004f78   Section        0  filters.o(.text)
    spx_sqrt                                 0x08004f79   Thumb Code   142  filters.o(.text)
    .text                                    0x080063c0   Section        0  ltp.o(.text)
    spx_sqrt                                 0x080063c1   Thumb Code   142  ltp.o(.text)
    pitch_gain_search_3tap                   0x080068e7   Thumb Code  1132  ltp.o(.text)
    .text                                    0x08007344   Section        0  nb_celp.o(.text)
    speex_rand                               0x08007345   Thumb Code    38  nb_celp.o(.text)
    spx_sqrt                                 0x0800736b   Thumb Code   142  nb_celp.o(.text)
    nb_decode_lost                           0x08008611   Thumb Code   436  nb_celp.o(.text)
    speex_alloc                              0x08009c59   Thumb Code    14  nb_celp.o(.text)
    speex_alloc_scratch                      0x08009c67   Thumb Code    14  nb_celp.o(.text)
    speex_free                               0x08009c75   Thumb Code    12  nb_celp.o(.text)
    speex_free_scratch                       0x08009c81   Thumb Code    12  nb_celp.o(.text)
    .text                                    0x08009ca8   Section        0  quant_lsp.o(.text)
    compute_quant_weights                    0x08009ca9   Thumb Code    98  quant_lsp.o(.text)
    lsp_quant                                0x08009d0b   Thumb Code   106  quant_lsp.o(.text)
    lsp_weight_quant                         0x08009d75   Thumb Code   154  quant_lsp.o(.text)
    .text                                    0x0800a440   Section        0  vq.o(.text)
    .text                                    0x0800a538   Section        0  adc.o(.text)
    .text                                    0x0800a730   Section        0  dac.o(.text)
    .text                                    0x0800a8e8   Section        0  key.o(.text)
    .text                                    0x0800a9a8   Section        0  led.o(.text)
    .text                                    0x0800a9f8   Section        0  nvic.o(.text)
    .text                                    0x0800aaa0   Section        0  edcode.o(.text)
    .text                                    0x0800ab68   Section        0  lcd.o(.text)
    .text                                    0x0800cc78   Section        0  24l01.o(.text)
    .text                                    0x0800cfac   Section        0  spi.o(.text)
    .text                                    0x0800d094   Section        0  memmovea.o(.text)
    .text                                    0x0800d0d4   Section        0  memseta.o(.text)
    .text                                    0x0800d0f8   Section        0  calloc.o(.text)
    .text                                    0x0800d114   Section        0  dmul.o(.text)
    .text                                    0x0800d1f8   Section        0  dfltui.o(.text)
    .text                                    0x0800d212   Section        0  dfixui.o(.text)
    .text                                    0x0800d244   Section        0  uldiv.o(.text)
    .text                                    0x0800d2a6   Section        0  llushr.o(.text)
    .text                                    0x0800d2c6   Section        0  depilogue.o(.text)
    .text                                    0x0800d2c6   Section        0  iusefp.o(.text)
    .text                                    0x0800d380   Section       36  init.o(.text)
    .text                                    0x0800d3a4   Section        0  llshl.o(.text)
    ei.fir_mem16                             0x0800d3c4   Section      196  filters.o(ei.fir_mem16)
    i.__0printf$5                            0x0800d488   Section        0  printf5.o(i.__0printf$5)
    i.__free$realloc                         0x0800d4a8   Section        0  mallocr.o(i.__free$realloc)
    i.__malloc$realloc                       0x0800d504   Section        0  mallocr.o(i.__malloc$realloc)
    i.__scatterload_copy                     0x0800d554   Section       14  handlers.o(i.__scatterload_copy)
    i.__scatterload_null                     0x0800d562   Section        2  handlers.o(i.__scatterload_null)
    i.__scatterload_zeroinit                 0x0800d564   Section       14  handlers.o(i.__scatterload_zeroinit)
    i._printf_core                           0x0800d574   Section        0  printf5.o(i._printf_core)
    _printf_core                             0x0800d575   Thumb Code   658  printf5.o(i._printf_core)
    i.internal_alloc                         0x0800d834   Section        0  mallocr.o(i.internal_alloc)
    internal_alloc                           0x0800d835   Thumb Code    76  mallocr.o(i.internal_alloc)
    i.realloc                                0x0800d884   Section        0  mallocr.o(i.realloc)
    .constdata                               0x0800d8f0   Section      128  gain_table_lbr.o(.constdata)
    .constdata                               0x0800d970   Section      422  window.o(.constdata)
    .constdata                               0x0800db18   Section      106  filters.o(.constdata)
    .constdata                               0x0800db84   Section      256  ltp.o(.constdata)
    .constdata                               0x0800dc84   Section      280  modes.o(.constdata)
    ltp_params_lbr                           0x0800dc84   Data          12  modes.o(.constdata)
    split_cb_nb_lbr                          0x0800dc90   Data          20  modes.o(.constdata)
    nb_submode3                              0x0800dca4   Data          56  modes.o(.constdata)
    nb_mode                                  0x0800dcdc   Data         140  modes.o(.constdata)
    .constdata                               0x0800dd9c   Section      216  nb_celp.o(.constdata)
    wb_skip_table                            0x0800de54   Data          32  nb_celp.o(.constdata)
    .constdata                               0x0800de74   Section      320  exc_10_32_table.o(.constdata)
    .constdata                               0x0800dfb4   Section     1920  lsp_tables_nb.o(.constdata)
    .constdata                               0x0800e734   Section     6080  lcd.o(.constdata)
    .constdata                               0x0800fef4   Section       10  24l01.o(.constdata)
    .conststring                             0x0800ff00   Section       11  modes.o(.conststring)
    .data                                    0x20000000   Section        6  main.o(.data)
    .data                                    0x20000008   Section       20  system_stm32f10x.o(.data)
    .data                                    0x2000001c   Section       20  stm32f10x_rcc.o(.data)
    APBAHBPrescTable                         0x2000001c   Data          16  stm32f10x_rcc.o(.data)
    ADCPrescTable                            0x2000002c   Data           4  stm32f10x_rcc.o(.data)
    .data                                    0x20000030   Section        4  delay.o(.data)
    fac_us                                   0x20000030   Data           1  delay.o(.data)
    fac_ms                                   0x20000032   Data           2  delay.o(.data)
    .data                                    0x20000034   Section        6  usart.o(.data)
    .data                                    0x2000003a   Section        1  key.o(.data)
    key_up                                   0x2000003a   Data           1  key.o(.data)
    .data                                    0x2000003c   Section        2  nvic.o(.data)
    SampleNum                                0x2000003c   Data           2  nvic.o(.data)
    .data                                    0x20000040   Section       24  edcode.o(.data)
    .data                                    0x20000058   Section        4  lcd.o(.data)
    .data                                    0x2000005c   Section        4  mvars.o(.data)
    .data                                    0x20000060   Section        4  mvars.o(.data)
    .bss                                     0x20000064   Section     1000  main.o(.bss)
    .bss                                     0x2000044c   Section      200  usart.o(.bss)
    .bss                                     0x20000514   Section       72  edcode.o(.bss)
    .bss                                     0x2000055c   Section       14  lcd.o(.bss)
    .bss                                     0x2000056a   Section       18  spi.o(.bss)
    HEAP                                     0x20000580   Section    16384  startup_stm32f10x_hd.o(HEAP)
    STACK                                    0x20004580   Section    16384  startup_stm32f10x_hd.o(STACK)

    Global Symbols

    Symbol Name                              Value     Ov Type        Size  Object(Section)

    BuildAttributes$$THM_ISAv4$P$D$K$B$S$PE$A:L22UL41UL21$X:L11$S22US41US21$IEEE1$IW$USESV6$~STKCKD$USESV7$~SHL$OSPACE$ROPI$EBA8$MICROLIB$REQ8$PRES8$EABIv2 0x00000000   Number         0  anon$$obj.o ABSOLUTE
    __ARM_use_no_argv                        0x00000000   Number         0  main.o ABSOLUTE
    __use_no_errno                           0x00000000   Number         0  useno.o ABSOLUTE
    __use_no_exception_handling              0x00000000   Number         0  useno.o ABSOLUTE
    __use_no_fp                              0x00000000   Number         0  useno.o ABSOLUTE
    __use_no_heap                            0x00000000   Number         0  useno.o ABSOLUTE
    __use_no_heap_region                     0x00000000   Number         0  useno.o ABSOLUTE
    __use_no_semihosting                     0x00000000   Number         0  useno.o ABSOLUTE
    __use_no_semihosting_swi                 0x00000000   Number         0  useno.o ABSOLUTE
    __use_no_signal_handling                 0x00000000   Number         0  useno.o ABSOLUTE
    _printf_a                                0x00000000   Number         0  stubs.o ABSOLUTE
    _printf_c                                0x00000000   Number         0  stubs.o ABSOLUTE
    _printf_charcount                        0x00000000   Number         0  stubs.o ABSOLUTE
    _printf_d                                0x00000000   Number         0  stubs.o ABSOLUTE
    _printf_e                                0x00000000   Number         0  stubs.o ABSOLUTE
    _printf_f                                0x00000000   Number         0  stubs.o ABSOLUTE
    _printf_flags                            0x00000000   Number         0  stubs.o ABSOLUTE
    _printf_fp_dec                           0x00000000   Number         0  stubs.o ABSOLUTE
    _printf_fp_hex                           0x00000000   Number         0  stubs.o ABSOLUTE
    _printf_g                                0x00000000   Number         0  stubs.o ABSOLUTE
    _printf_i                                0x00000000   Number         0  stubs.o ABSOLUTE
    _printf_int_dec                          0x00000000   Number         0  stubs.o ABSOLUTE
    _printf_l                                0x00000000   Number         0  stubs.o ABSOLUTE
    _printf_lc                               0x00000000   Number         0  stubs.o ABSOLUTE
    _printf_ll                               0x00000000   Number         0  stubs.o ABSOLUTE
    _printf_lld                              0x00000000   Number         0  stubs.o ABSOLUTE
    _printf_lli                              0x00000000   Number         0  stubs.o ABSOLUTE
    _printf_llo                              0x00000000   Number         0  stubs.o ABSOLUTE
    _printf_llu                              0x00000000   Number         0  stubs.o ABSOLUTE
    _printf_llx                              0x00000000   Number         0  stubs.o ABSOLUTE
    _printf_longlong_dec                     0x00000000   Number         0  stubs.o ABSOLUTE
    _printf_longlong_hex                     0x00000000   Number         0  stubs.o ABSOLUTE
    _printf_longlong_oct                     0x00000000   Number         0  stubs.o ABSOLUTE
    _printf_ls                               0x00000000   Number         0  stubs.o ABSOLUTE
    _printf_mbtowc                           0x00000000   Number         0  stubs.o ABSOLUTE
    _printf_n                                0x00000000   Number         0  stubs.o ABSOLUTE
    _printf_o                                0x00000000   Number         0  stubs.o ABSOLUTE
    _printf_p                                0x00000000   Number         0  stubs.o ABSOLUTE
    _printf_percent                          0x00000000   Number         0  stubs.o ABSOLUTE
    _printf_pre_padding                      0x00000000   Number         0  stubs.o ABSOLUTE
    _printf_return_value                     0x00000000   Number         0  stubs.o ABSOLUTE
    _printf_s                                0x00000000   Number         0  stubs.o ABSOLUTE
    _printf_sizespec                         0x00000000   Number         0  stubs.o ABSOLUTE
    _printf_str                              0x00000000   Number         0  stubs.o ABSOLUTE
    _printf_truncate_signed                  0x00000000   Number         0  stubs.o ABSOLUTE
    _printf_truncate_unsigned                0x00000000   Number         0  stubs.o ABSOLUTE
    _printf_u                                0x00000000   Number         0  stubs.o ABSOLUTE
    _printf_wc                               0x00000000   Number         0  stubs.o ABSOLUTE
    _printf_wctomb                           0x00000000   Number         0  stubs.o ABSOLUTE
    _printf_widthprec                        0x00000000   Number         0  stubs.o ABSOLUTE
    _printf_x                                0x00000000   Number         0  stubs.o ABSOLUTE
    __cpp_initialize__aeabi_                  - Undefined Weak Reference
    __cxa_finalize                            - Undefined Weak Reference
    __decompress                              - Undefined Weak Reference
    _clock_init                               - Undefined Weak Reference
    _microlib_exit                            - Undefined Weak Reference
    __Vectors_Size                           0x00000130   Number         0  startup_stm32f10x_hd.o ABSOLUTE
    __Vectors                                0x08000000   Data           4  startup_stm32f10x_hd.o(RESET)
    __Vectors_End                            0x08000130   Data           0  startup_stm32f10x_hd.o(RESET)
    __main                                   0x08000131   Thumb Code     0  entry.o(.ARM.Collect$$$$00000000)
    _main_stk                                0x08000131   Thumb Code     0  entry2.o(.ARM.Collect$$$$00000001)
    _main_scatterload                        0x08000135   Thumb Code     0  entry5.o(.ARM.Collect$$$$00000004)
    __main_after_scatterload                 0x08000139   Thumb Code     0  entry5.o(.ARM.Collect$$$$00000004)
    _main_clock                              0x08000139   Thumb Code     0  entry7b.o(.ARM.Collect$$$$00000008)
    _main_cpp_init                           0x08000139   Thumb Code     0  entry8b.o(.ARM.Collect$$$$0000000A)
    _main_init                               0x08000139   Thumb Code     0  entry9a.o(.ARM.Collect$$$$0000000B)
    __rt_final_cpp                           0x08000141   Thumb Code     0  entry10a.o(.ARM.Collect$$$$0000000D)
    __rt_final_exit                          0x08000141   Thumb Code     0  entry11a.o(.ARM.Collect$$$$0000000F)
    filter_mem16                             0x08000145   Thumb Code   294  filters.o(.emb_text)
    iir_mem16                                0x0800026b   Thumb Code   202  filters.o(.emb_text)
    inner_prod                               0x08000335   Thumb Code   574  ltp.o(.emb_text)
    vq_nbest                                 0x08000575   Thumb Code   170  vq.o(.emb_text)
    main                                     0x08000621   Thumb Code   342  main.o(.text)
    _speex_putc                              0x08000777   Thumb Code     4  main.o(.text)
    _speex_fatal                             0x0800077b   Thumb Code     4  main.o(.text)
    NMI_Handler                              0x080007fd   Thumb Code     2  stm32f10x_it.o(.text)
    HardFault_Handler                        0x080007ff   Thumb Code     4  stm32f10x_it.o(.text)
    MemManage_Handler                        0x08000803   Thumb Code     4  stm32f10x_it.o(.text)
    BusFault_Handler                         0x08000807   Thumb Code     4  stm32f10x_it.o(.text)
    UsageFault_Handler                       0x0800080b   Thumb Code     4  stm32f10x_it.o(.text)
    SVC_Handler                              0x0800080f   Thumb Code     2  stm32f10x_it.o(.text)
    DebugMon_Handler                         0x08000811   Thumb Code     2  stm32f10x_it.o(.text)
    PendSV_Handler                           0x08000813   Thumb Code     2  stm32f10x_it.o(.text)
    SysTick_Handler                          0x08000815   Thumb Code     2  stm32f10x_it.o(.text)
    SystemInit                               0x080008f7   Thumb Code    78  system_stm32f10x.o(.text)
    SystemCoreClockUpdate                    0x08000945   Thumb Code   142  system_stm32f10x.o(.text)
    Reset_Handler                            0x080009f9   Thumb Code     8  startup_stm32f10x_hd.o(.text)
    ADC1_2_IRQHandler                        0x08000a13   Thumb Code     0  startup_stm32f10x_hd.o(.text)
    ADC3_IRQHandler                          0x08000a13   Thumb Code     0  startup_stm32f10x_hd.o(.text)
    CAN1_RX1_IRQHandler                      0x08000a13   Thumb Code     0  startup_stm32f10x_hd.o(.text)
    CAN1_SCE_IRQHandler                      0x08000a13   Thumb Code     0  startup_stm32f10x_hd.o(.text)
    DMA1_Channel2_IRQHandler                 0x08000a13   Thumb Code     0  startup_stm32f10x_hd.o(.text)
    DMA1_Channel3_IRQHandler                 0x08000a13   Thumb Code     0  startup_stm32f10x_hd.o(.text)
    DMA1_Channel4_IRQHandler                 0x08000a13   Thumb Code     0  startup_stm32f10x_hd.o(.text)
    DMA1_Channel5_IRQHandler                 0x08000a13   Thumb Code     0  startup_stm32f10x_hd.o(.text)
    DMA1_Channel6_IRQHandler                 0x08000a13   Thumb Code     0  startup_stm32f10x_hd.o(.text)
    DMA1_Channel7_IRQHandler                 0x08000a13   Thumb Code     0  startup_stm32f10x_hd.o(.text)
    DMA2_Channel1_IRQHandler                 0x08000a13   Thumb Code     0  startup_stm32f10x_hd.o(.text)
    DMA2_Channel2_IRQHandler                 0x08000a13   Thumb Code     0  startup_stm32f10x_hd.o(.text)
    DMA2_Channel4_5_IRQHandler               0x08000a13   Thumb Code     0  startup_stm32f10x_hd.o(.text)
    EXTI0_IRQHandler                         0x08000a13   Thumb Code     0  startup_stm32f10x_hd.o(.text)
    EXTI15_10_IRQHandler                     0x08000a13   Thumb Code     0  startup_stm32f10x_hd.o(.text)
    EXTI1_IRQHandler                         0x08000a13   Thumb Code     0  startup_stm32f10x_hd.o(.text)
    EXTI2_IRQHandler                         0x08000a13   Thumb Code     0  startup_stm32f10x_hd.o(.text)
    EXTI3_IRQHandler                         0x08000a13   Thumb Code     0  startup_stm32f10x_hd.o(.text)
    EXTI4_IRQHandler                         0x08000a13   Thumb Code     0  startup_stm32f10x_hd.o(.text)
    EXTI9_5_IRQHandler                       0x08000a13   Thumb Code     0  startup_stm32f10x_hd.o(.text)
    FLASH_IRQHandler                         0x08000a13   Thumb Code     0  startup_stm32f10x_hd.o(.text)
    FSMC_IRQHandler                          0x08000a13   Thumb Code     0  startup_stm32f10x_hd.o(.text)
    I2C1_ER_IRQHandler                       0x08000a13   Thumb Code     0  startup_stm32f10x_hd.o(.text)
    I2C1_EV_IRQHandler                       0x08000a13   Thumb Code     0  startup_stm32f10x_hd.o(.text)
    I2C2_ER_IRQHandler                       0x08000a13   Thumb Code     0  startup_stm32f10x_hd.o(.text)
    I2C2_EV_IRQHandler                       0x08000a13   Thumb Code     0  startup_stm32f10x_hd.o(.text)
    PVD_IRQHandler                           0x08000a13   Thumb Code     0  startup_stm32f10x_hd.o(.text)
    RCC_IRQHandler                           0x08000a13   Thumb Code     0  startup_stm32f10x_hd.o(.text)
    RTCAlarm_IRQHandler                      0x08000a13   Thumb Code     0  startup_stm32f10x_hd.o(.text)
    RTC_IRQHandler                           0x08000a13   Thumb Code     0  startup_stm32f10x_hd.o(.text)
    SDIO_IRQHandler                          0x08000a13   Thumb Code     0  startup_stm32f10x_hd.o(.text)
    SPI1_IRQHandler                          0x08000a13   Thumb Code     0  startup_stm32f10x_hd.o(.text)
    SPI2_IRQHandler                          0x08000a13   Thumb Code     0  startup_stm32f10x_hd.o(.text)
    SPI3_IRQHandler                          0x08000a13   Thumb Code     0  startup_stm32f10x_hd.o(.text)
    TAMPER_IRQHandler                        0x08000a13   Thumb Code     0  startup_stm32f10x_hd.o(.text)
    TIM1_BRK_IRQHandler                      0x08000a13   Thumb Code     0  startup_stm32f10x_hd.o(.text)
    TIM1_CC_IRQHandler                       0x08000a13   Thumb Code     0  startup_stm32f10x_hd.o(.text)
    TIM1_TRG_COM_IRQHandler                  0x08000a13   Thumb Code     0  startup_stm32f10x_hd.o(.text)
    TIM1_UP_IRQHandler                       0x08000a13   Thumb Code     0  startup_stm32f10x_hd.o(.text)
    TIM2_IRQHandler                          0x08000a13   Thumb Code     0  startup_stm32f10x_hd.o(.text)
    TIM3_IRQHandler                          0x08000a13   Thumb Code     0  startup_stm32f10x_hd.o(.text)
    TIM4_IRQHandler                          0x08000a13   Thumb Code     0  startup_stm32f10x_hd.o(.text)
    TIM5_IRQHandler                          0x08000a13   Thumb Code     0  startup_stm32f10x_hd.o(.text)
    TIM6_IRQHandler                          0x08000a13   Thumb Code     0  startup_stm32f10x_hd.o(.text)
    TIM7_IRQHandler                          0x08000a13   Thumb Code     0  startup_stm32f10x_hd.o(.text)
    TIM8_BRK_IRQHandler                      0x08000a13   Thumb Code     0  startup_stm32f10x_hd.o(.text)
    TIM8_CC_IRQHandler                       0x08000a13   Thumb Code     0  startup_stm32f10x_hd.o(.text)
    TIM8_TRG_COM_IRQHandler                  0x08000a13   Thumb Code     0  startup_stm32f10x_hd.o(.text)
    TIM8_UP_IRQHandler                       0x08000a13   Thumb Code     0  startup_stm32f10x_hd.o(.text)
    UART4_IRQHandler                         0x08000a13   Thumb Code     0  startup_stm32f10x_hd.o(.text)
    UART5_IRQHandler                         0x08000a13   Thumb Code     0  startup_stm32f10x_hd.o(.text)
    USART2_IRQHandler                        0x08000a13   Thumb Code     0  startup_stm32f10x_hd.o(.text)
    USART3_IRQHandler                        0x08000a13   Thumb Code     0  startup_stm32f10x_hd.o(.text)
    USBWakeUp_IRQHandler                     0x08000a13   Thumb Code     0  startup_stm32f10x_hd.o(.text)
    USB_HP_CAN1_TX_IRQHandler                0x08000a13   Thumb Code     0  startup_stm32f10x_hd.o(.text)
    USB_LP_CAN1_RX0_IRQHandler               0x08000a13   Thumb Code     0  startup_stm32f10x_hd.o(.text)
    WWDG_IRQHandler                          0x08000a13   Thumb Code     0  startup_stm32f10x_hd.o(.text)
    NVIC_PriorityGroupConfig                 0x08000a1d   Thumb Code    10  misc.o(.text)
    NVIC_Init                                0x08000a27   Thumb Code   100  misc.o(.text)
    NVIC_SetVectorTable                      0x08000a8b   Thumb Code    14  misc.o(.text)
    NVIC_SystemLPConfig                      0x08000a99   Thumb Code    34  misc.o(.text)
    SysTick_CLKSourceConfig                  0x08000abb   Thumb Code    40  misc.o(.text)
    ADC_DeInit                               0x08000af9   Thumb Code    78  stm32f10x_adc.o(.text)
    ADC_Init                                 0x08000b47   Thumb Code    70  stm32f10x_adc.o(.text)
    ADC_StructInit                           0x08000b8d   Thumb Code    18  stm32f10x_adc.o(.text)
    ADC_Cmd                                  0x08000b9f   Thumb Code    22  stm32f10x_adc.o(.text)
    ADC_DMACmd                               0x08000bb5   Thumb Code    22  stm32f10x_adc.o(.text)
    ADC_ITConfig                             0x08000bcb   Thumb Code    24  stm32f10x_adc.o(.text)
    ADC_ResetCalibration                     0x08000be3   Thumb Code    10  stm32f10x_adc.o(.text)
    ADC_GetResetCalibrationStatus            0x08000bed   Thumb Code    20  stm32f10x_adc.o(.text)
    ADC_StartCalibration                     0x08000c01   Thumb Code    10  stm32f10x_adc.o(.text)
    ADC_GetCalibrationStatus                 0x08000c0b   Thumb Code    20  stm32f10x_adc.o(.text)
    ADC_SoftwareStartConvCmd                 0x08000c1f   Thumb Code    22  stm32f10x_adc.o(.text)
    ADC_GetSoftwareStartConvStatus           0x08000c35   Thumb Code    20  stm32f10x_adc.o(.text)
    ADC_DiscModeChannelCountConfig           0x08000c49   Thumb Code    24  stm32f10x_adc.o(.text)
    ADC_DiscModeCmd                          0x08000c61   Thumb Code    22  stm32f10x_adc.o(.text)
    ADC_RegularChannelConfig                 0x08000c77   Thumb Code   184  stm32f10x_adc.o(.text)
    ADC_ExternalTrigConvCmd                  0x08000d2f   Thumb Code    22  stm32f10x_adc.o(.text)
    ADC_GetConversionValue                   0x08000d45   Thumb Code     8  stm32f10x_adc.o(.text)
    ADC_GetDualModeConversionValue           0x08000d4d   Thumb Code     8  stm32f10x_adc.o(.text)
    ADC_AutoInjectedConvCmd                  0x08000d55   Thumb Code    22  stm32f10x_adc.o(.text)
    ADC_InjectedDiscModeCmd                  0x08000d6b   Thumb Code    22  stm32f10x_adc.o(.text)
    ADC_ExternalTrigInjectedConvConfig       0x08000d81   Thumb Code    16  stm32f10x_adc.o(.text)
    ADC_ExternalTrigInjectedConvCmd          0x08000d91   Thumb Code    22  stm32f10x_adc.o(.text)
    ADC_SoftwareStartInjectedConvCmd         0x08000da7   Thumb Code    22  stm32f10x_adc.o(.text)
    ADC_GetSoftwareStartInjectedConvCmdStatus 0x08000dbd   Thumb Code    20  stm32f10x_adc.o(.text)
    ADC_InjectedChannelConfig                0x08000dd1   Thumb Code   130  stm32f10x_adc.o(.text)
    ADC_InjectedSequencerLengthConfig        0x08000e53   Thumb Code    24  stm32f10x_adc.o(.text)
    ADC_SetInjectedOffset                    0x08000e6b   Thumb Code    20  stm32f10x_adc.o(.text)
    ADC_GetInjectedConversionValue           0x08000e7f   Thumb Code    28  stm32f10x_adc.o(.text)
    ADC_AnalogWatchdogCmd                    0x08000e9b   Thumb Code    16  stm32f10x_adc.o(.text)
    ADC_AnalogWatchdogThresholdsConfig       0x08000eab   Thumb Code     6  stm32f10x_adc.o(.text)
    ADC_AnalogWatchdogSingleChannelConfig    0x08000eb1   Thumb Code    16  stm32f10x_adc.o(.text)
    ADC_TempSensorVrefintCmd                 0x08000ec1   Thumb Code    64  stm32f10x_adc.o(.text)
    ADC_GetFlagStatus                        0x08000f01   Thumb Code    18  stm32f10x_adc.o(.text)
    ADC_ClearFlag                            0x08000f13   Thumb Code     6  stm32f10x_adc.o(.text)
    ADC_GetITStatus                          0x08000f19   Thumb Code    36  stm32f10x_adc.o(.text)
    ADC_ClearITPendingBit                    0x08000f3d   Thumb Code    10  stm32f10x_adc.o(.text)
    DAC_DeInit                               0x08000f49   Thumb Code    22  stm32f10x_dac.o(.text)
    DAC_Init                                 0x08000f5f   Thumb Code    46  stm32f10x_dac.o(.text)
    DAC_StructInit                           0x08000f8d   Thumb Code    12  stm32f10x_dac.o(.text)
    DAC_Cmd                                  0x08000f99   Thumb Code    34  stm32f10x_dac.o(.text)
    DAC_DMACmd                               0x08000fbb   Thumb Code    38  stm32f10x_dac.o(.text)
    DAC_SoftwareTriggerCmd                   0x08000fe1   Thumb Code    48  stm32f10x_dac.o(.text)
    DAC_DualSoftwareTriggerCmd               0x08001011   Thumb Code    38  stm32f10x_dac.o(.text)
    DAC_WaveGenerationCmd                    0x08001037   Thumb Code    36  stm32f10x_dac.o(.text)
    DAC_SetChannel1Data                      0x0800105b   Thumb Code    26  stm32f10x_dac.o(.text)
    DAC_SetChannel2Data                      0x08001075   Thumb Code    26  stm32f10x_dac.o(.text)
    DAC_SetDualChannelData                   0x0800108f   Thumb Code    32  stm32f10x_dac.o(.text)
    DAC_GetDataOutputValue                   0x080010af   Thumb Code    32  stm32f10x_dac.o(.text)
    DMA_DeInit                               0x080010d5   Thumb Code   324  stm32f10x_dma.o(.text)
    DMA_Init                                 0x08001219   Thumb Code    60  stm32f10x_dma.o(.text)
    DMA_StructInit                           0x08001255   Thumb Code    26  stm32f10x_dma.o(.text)
    DMA_Cmd                                  0x0800126f   Thumb Code    24  stm32f10x_dma.o(.text)
    DMA_ITConfig                             0x08001287   Thumb Code    18  stm32f10x_dma.o(.text)
    DMA_SetCurrDataCounter                   0x08001299   Thumb Code     4  stm32f10x_dma.o(.text)
    DMA_GetCurrDataCounter                   0x0800129d   Thumb Code     8  stm32f10x_dma.o(.text)
    DMA_GetFlagStatus                        0x080012a5   Thumb Code    40  stm32f10x_dma.o(.text)
    DMA_ClearFlag                            0x080012cd   Thumb Code    22  stm32f10x_dma.o(.text)
    DMA_GetITStatus                          0x080012e3   Thumb Code    40  stm32f10x_dma.o(.text)
    DMA_ClearITPendingBit                    0x0800130b   Thumb Code    22  stm32f10x_dma.o(.text)
    GPIO_DeInit                              0x08001329   Thumb Code   172  stm32f10x_gpio.o(.text)
    GPIO_AFIODeInit                          0x080013d5   Thumb Code    20  stm32f10x_gpio.o(.text)
    GPIO_Init                                0x080013e9   Thumb Code   278  stm32f10x_gpio.o(.text)
    GPIO_StructInit                          0x080014ff   Thumb Code    16  stm32f10x_gpio.o(.text)
    GPIO_ReadInputDataBit                    0x0800150f   Thumb Code    18  stm32f10x_gpio.o(.text)
    GPIO_ReadInputData                       0x08001521   Thumb Code     8  stm32f10x_gpio.o(.text)
    GPIO_ReadOutputDataBit                   0x08001529   Thumb Code    18  stm32f10x_gpio.o(.text)
    GPIO_ReadOutputData                      0x0800153b   Thumb Code     8  stm32f10x_gpio.o(.text)
    GPIO_SetBits                             0x08001543   Thumb Code     4  stm32f10x_gpio.o(.text)
    GPIO_ResetBits                           0x08001547   Thumb Code     4  stm32f10x_gpio.o(.text)
    GPIO_WriteBit                            0x0800154b   Thumb Code    10  stm32f10x_gpio.o(.text)
    GPIO_Write                               0x08001555   Thumb Code     4  stm32f10x_gpio.o(.text)
    GPIO_PinLockConfig                       0x08001559   Thumb Code    18  stm32f10x_gpio.o(.text)
    GPIO_EventOutputConfig                   0x0800156b   Thumb Code    26  stm32f10x_gpio.o(.text)
    GPIO_EventOutputCmd                      0x08001585   Thumb Code     6  stm32f10x_gpio.o(.text)
    GPIO_PinRemapConfig                      0x0800158b   Thumb Code   138  stm32f10x_gpio.o(.text)
    GPIO_EXTILineConfig                      0x08001615   Thumb Code    66  stm32f10x_gpio.o(.text)
    GPIO_ETH_MediaInterfaceConfig            0x08001657   Thumb Code     8  stm32f10x_gpio.o(.text)
    RCC_DeInit                               0x08001685   Thumb Code    64  stm32f10x_rcc.o(.text)
    RCC_HSEConfig                            0x080016c5   Thumb Code    70  stm32f10x_rcc.o(.text)
    RCC_GetFlagStatus                        0x0800170b   Thumb Code    56  stm32f10x_rcc.o(.text)
    RCC_WaitForHSEStartUp                    0x08001743   Thumb Code    56  stm32f10x_rcc.o(.text)
    RCC_AdjustHSICalibrationValue            0x0800177b   Thumb Code    20  stm32f10x_rcc.o(.text)
    RCC_HSICmd                               0x0800178f   Thumb Code     6  stm32f10x_rcc.o(.text)
    RCC_PLLConfig                            0x08001795   Thumb Code    24  stm32f10x_rcc.o(.text)
    RCC_PLLCmd                               0x080017ad   Thumb Code     6  stm32f10x_rcc.o(.text)
    RCC_SYSCLKConfig                         0x080017b3   Thumb Code    18  stm32f10x_rcc.o(.text)
    RCC_GetSYSCLKSource                      0x080017c5   Thumb Code    10  stm32f10x_rcc.o(.text)
    RCC_HCLKConfig                           0x080017cf   Thumb Code    18  stm32f10x_rcc.o(.text)
    RCC_PCLK1Config                          0x080017e1   Thumb Code    18  stm32f10x_rcc.o(.text)
    RCC_PCLK2Config                          0x080017f3   Thumb Code    20  stm32f10x_rcc.o(.text)
    RCC_ITConfig                             0x08001807   Thumb Code    26  stm32f10x_rcc.o(.text)
    RCC_USBCLKConfig                         0x08001821   Thumb Code     8  stm32f10x_rcc.o(.text)
    RCC_ADCCLKConfig                         0x08001829   Thumb Code    18  stm32f10x_rcc.o(.text)
    RCC_LSEConfig                            0x0800183b   Thumb Code    50  stm32f10x_rcc.o(.text)
    RCC_LSICmd                               0x0800186d   Thumb Code     6  stm32f10x_rcc.o(.text)
    RCC_RTCCLKConfig                         0x08001873   Thumb Code    12  stm32f10x_rcc.o(.text)
    RCC_RTCCLKCmd                            0x0800187f   Thumb Code     8  stm32f10x_rcc.o(.text)
    RCC_GetClocksFreq                        0x08001887   Thumb Code   192  stm32f10x_rcc.o(.text)
    RCC_AHBPeriphClockCmd                    0x08001947   Thumb Code    26  stm32f10x_rcc.o(.text)
    RCC_APB2PeriphClockCmd                   0x08001961   Thumb Code    26  stm32f10x_rcc.o(.text)
    RCC_APB1PeriphClockCmd                   0x0800197b   Thumb Code    26  stm32f10x_rcc.o(.text)
    RCC_APB2PeriphResetCmd                   0x08001995   Thumb Code    26  stm32f10x_rcc.o(.text)
    RCC_APB1PeriphResetCmd                   0x080019af   Thumb Code    26  stm32f10x_rcc.o(.text)
    RCC_BackupResetCmd                       0x080019c9   Thumb Code     8  stm32f10x_rcc.o(.text)
    RCC_ClockSecuritySystemCmd               0x080019d1   Thumb Code     6  stm32f10x_rcc.o(.text)
    RCC_MCOConfig                            0x080019d7   Thumb Code     6  stm32f10x_rcc.o(.text)
    RCC_ClearFlag                            0x080019dd   Thumb Code    14  stm32f10x_rcc.o(.text)
    RCC_GetITStatus                          0x080019eb   Thumb Code    20  stm32f10x_rcc.o(.text)
    RCC_ClearITPendingBit                    0x080019ff   Thumb Code     6  stm32f10x_rcc.o(.text)
    SPI_I2S_DeInit                           0x08001a29   Thumb Code    76  stm32f10x_spi.o(.text)
    SPI_Init                                 0x08001a75   Thumb Code    60  stm32f10x_spi.o(.text)
    I2S_Init                                 0x08001ab1   Thumb Code   226  stm32f10x_spi.o(.text)
    SPI_StructInit                           0x08001b93   Thumb Code    24  stm32f10x_spi.o(.text)
    I2S_StructInit                           0x08001bab   Thumb Code    20  stm32f10x_spi.o(.text)
    SPI_Cmd                                  0x08001bbf   Thumb Code    24  stm32f10x_spi.o(.text)
    I2S_Cmd                                  0x08001bd7   Thumb Code    24  stm32f10x_spi.o(.text)
    SPI_I2S_ITConfig                         0x08001bef   Thumb Code    32  stm32f10x_spi.o(.text)
    SPI_I2S_DMACmd                           0x08001c0f   Thumb Code    18  stm32f10x_spi.o(.text)
    SPI_I2S_SendData                         0x08001c21   Thumb Code     4  stm32f10x_spi.o(.text)
    SPI_I2S_ReceiveData                      0x08001c25   Thumb Code     6  stm32f10x_spi.o(.text)
    SPI_NSSInternalSoftwareConfig            0x08001c2b   Thumb Code    30  stm32f10x_spi.o(.text)
    SPI_SSOutputCmd                          0x08001c49   Thumb Code    24  stm32f10x_spi.o(.text)
    SPI_DataSizeConfig                       0x08001c61   Thumb Code    18  stm32f10x_spi.o(.text)
    SPI_TransmitCRC                          0x08001c73   Thumb Code    10  stm32f10x_spi.o(.text)
    SPI_CalculateCRC                         0x08001c7d   Thumb Code    24  stm32f10x_spi.o(.text)
    SPI_GetCRC                               0x08001c95   Thumb Code    16  stm32f10x_spi.o(.text)
    SPI_GetCRCPolynomial                     0x08001ca5   Thumb Code     6  stm32f10x_spi.o(.text)
    SPI_BiDirectionalLineConfig              0x08001cab   Thumb Code    28  stm32f10x_spi.o(.text)
    SPI_I2S_GetFlagStatus                    0x08001cc7   Thumb Code    18  stm32f10x_spi.o(.text)
    SPI_I2S_ClearFlag                        0x08001cd9   Thumb Code     6  stm32f10x_spi.o(.text)
    SPI_I2S_GetITStatus                      0x08001cdf   Thumb Code    52  stm32f10x_spi.o(.text)
    SPI_I2S_ClearITPendingBit                0x08001d13   Thumb Code    20  stm32f10x_spi.o(.text)
    TIM_DeInit                               0x08001d35   Thumb Code   424  stm32f10x_tim.o(.text)
    TIM_TimeBaseInit                         0x08001edd   Thumb Code   122  stm32f10x_tim.o(.text)
    TIM_OC1Init                              0x08001f57   Thumb Code   132  stm32f10x_tim.o(.text)
    TIM_OC2Init                              0x08001fdb   Thumb Code   154  stm32f10x_tim.o(.text)
    TIM_OC3Init                              0x08002075   Thumb Code   150  stm32f10x_tim.o(.text)
    TIM_OC4Init                              0x0800210b   Thumb Code   182  stm32f10x_tim.o(.text)
    TIM_SetIC4Prescaler                      0x080021c1   Thumb Code    26  stm32f10x_tim.o(.text)
    TIM_SetIC3Prescaler                      0x0800225d   Thumb Code    18  stm32f10x_tim.o(.text)
    TIM_SetIC2Prescaler                      0x080022e9   Thumb Code    26  stm32f10x_tim.o(.text)
    TIM_SetIC1Prescaler                      0x08002385   Thumb Code    18  stm32f10x_tim.o(.text)
    TIM_ICInit                               0x08002403   Thumb Code   150  stm32f10x_tim.o(.text)
    TIM_PWMIConfig                           0x08002499   Thumb Code   124  stm32f10x_tim.o(.text)
    TIM_BDTRConfig                           0x08002515   Thumb Code    32  stm32f10x_tim.o(.text)
    TIM_TimeBaseStructInit                   0x08002535   Thumb Code    18  stm32f10x_tim.o(.text)
    TIM_OCStructInit                         0x08002547   Thumb Code    20  stm32f10x_tim.o(.text)
    TIM_ICStructInit                         0x0800255b   Thumb Code    18  stm32f10x_tim.o(.text)
    TIM_BDTRStructInit                       0x0800256d   Thumb Code    40  stm32f10x_tim.o(.text)
    TIM_Cmd                                  0x08002595   Thumb Code    24  stm32f10x_tim.o(.text)
    TIM_CtrlPWMOutputs                       0x080025ad   Thumb Code    30  stm32f10x_tim.o(.text)
    TIM_ITConfig                             0x080025cb   Thumb Code    18  stm32f10x_tim.o(.text)
    TIM_GenerateEvent                        0x080025dd   Thumb Code     4  stm32f10x_tim.o(.text)
    TIM_DMAConfig                            0x080025e1   Thumb Code    10  stm32f10x_tim.o(.text)
    TIM_DMACmd                               0x080025eb   Thumb Code    18  stm32f10x_tim.o(.text)
    TIM_InternalClockConfig                  0x080025fd   Thumb Code    12  stm32f10x_tim.o(.text)
    TIM_SelectInputTrigger                   0x08002609   Thumb Code    18  stm32f10x_tim.o(.text)
    TIM_ITRxExternalClockConfig              0x0800261b   Thumb Code    24  stm32f10x_tim.o(.text)
    TIM_TIxExternalClockConfig               0x08002633   Thumb Code    62  stm32f10x_tim.o(.text)
    TIM_ETRConfig                            0x08002671   Thumb Code    28  stm32f10x_tim.o(.text)
    TIM_ETRClockMode1Config                  0x0800268d   Thumb Code    54  stm32f10x_tim.o(.text)
    TIM_ETRClockMode2Config                  0x080026c3   Thumb Code    32  stm32f10x_tim.o(.text)
    TIM_PrescalerConfig                      0x080026e3   Thumb Code     6  stm32f10x_tim.o(.text)
    TIM_CounterModeConfig                    0x080026e9   Thumb Code    18  stm32f10x_tim.o(.text)
    TIM_EncoderInterfaceConfig               0x080026fb   Thumb Code    66  stm32f10x_tim.o(.text)
    TIM_ForcedOC1Config                      0x0800273d   Thumb Code    18  stm32f10x_tim.o(.text)
    TIM_ForcedOC2Config                      0x0800274f   Thumb Code    26  stm32f10x_tim.o(.text)
    TIM_ForcedOC3Config                      0x08002769   Thumb Code    18  stm32f10x_tim.o(.text)
    TIM_ForcedOC4Config                      0x0800277b   Thumb Code    26  stm32f10x_tim.o(.text)
    TIM_ARRPreloadConfig                     0x08002795   Thumb Code    24  stm32f10x_tim.o(.text)
    TIM_SelectCOM                            0x080027ad   Thumb Code    24  stm32f10x_tim.o(.text)
    TIM_SelectCCDMA                          0x080027c5   Thumb Code    24  stm32f10x_tim.o(.text)
    TIM_CCPreloadControl                     0x080027dd   Thumb Code    24  stm32f10x_tim.o(.text)
    TIM_OC1PreloadConfig                     0x080027f5   Thumb Code    18  stm32f10x_tim.o(.text)
    TIM_OC2PreloadConfig                     0x08002807   Thumb Code    26  stm32f10x_tim.o(.text)
    TIM_OC3PreloadConfig                     0x08002821   Thumb Code    18  stm32f10x_tim.o(.text)
    TIM_OC4PreloadConfig                     0x08002833   Thumb Code    26  stm32f10x_tim.o(.text)
    TIM_OC1FastConfig                        0x0800284d   Thumb Code    18  stm32f10x_tim.o(.text)
    TIM_OC2FastConfig                        0x0800285f   Thumb Code    26  stm32f10x_tim.o(.text)
    TIM_OC3FastConfig                        0x08002879   Thumb Code    18  stm32f10x_tim.o(.text)
    TIM_OC4FastConfig                        0x0800288b   Thumb Code    26  stm32f10x_tim.o(.text)
    TIM_ClearOC1Ref                          0x080028a5   Thumb Code    18  stm32f10x_tim.o(.text)
    TIM_ClearOC2Ref                          0x080028b7   Thumb Code    24  stm32f10x_tim.o(.text)
    TIM_ClearOC3Ref                          0x080028cf   Thumb Code    18  stm32f10x_tim.o(.text)
    TIM_ClearOC4Ref                          0x080028e1   Thumb Code    24  stm32f10x_tim.o(.text)
    TIM_OC1PolarityConfig                    0x080028f9   Thumb Code    18  stm32f10x_tim.o(.text)
    TIM_OC1NPolarityConfig                   0x0800290b   Thumb Code    18  stm32f10x_tim.o(.text)
    TIM_OC2PolarityConfig                    0x0800291d   Thumb Code    26  stm32f10x_tim.o(.text)
    TIM_OC2NPolarityConfig                   0x08002937   Thumb Code    26  stm32f10x_tim.o(.text)
    TIM_OC3PolarityConfig                    0x08002951   Thumb Code    26  stm32f10x_tim.o(.text)
    TIM_OC3NPolarityConfig                   0x0800296b   Thumb Code    26  stm32f10x_tim.o(.text)
    TIM_OC4PolarityConfig                    0x08002985   Thumb Code    26  stm32f10x_tim.o(.text)
    TIM_CCxCmd                               0x0800299f   Thumb Code    30  stm32f10x_tim.o(.text)
    TIM_CCxNCmd                              0x080029bd   Thumb Code    30  stm32f10x_tim.o(.text)
    TIM_SelectOCxM                           0x080029db   Thumb Code    82  stm32f10x_tim.o(.text)
    TIM_UpdateDisableConfig                  0x08002a2d   Thumb Code    24  stm32f10x_tim.o(.text)
    TIM_UpdateRequestConfig                  0x08002a45   Thumb Code    24  stm32f10x_tim.o(.text)
    TIM_SelectHallSensor                     0x08002a5d   Thumb Code    24  stm32f10x_tim.o(.text)
    TIM_SelectOnePulseMode                   0x08002a75   Thumb Code    18  stm32f10x_tim.o(.text)
    TIM_SelectOutputTrigger                  0x08002a87   Thumb Code    18  stm32f10x_tim.o(.text)
    TIM_SelectSlaveMode                      0x08002a99   Thumb Code    18  stm32f10x_tim.o(.text)
    TIM_SelectMasterSlaveMode                0x08002aab   Thumb Code    18  stm32f10x_tim.o(.text)
    TIM_SetCounter                           0x08002abd   Thumb Code     4  stm32f10x_tim.o(.text)
    TIM_SetAutoreload                        0x08002ac1   Thumb Code     4  stm32f10x_tim.o(.text)
    TIM_SetCompare1                          0x08002ac5   Thumb Code     4  stm32f10x_tim.o(.text)
    TIM_SetCompare2                          0x08002ac9   Thumb Code     4  stm32f10x_tim.o(.text)
    TIM_SetCompare3                          0x08002acd   Thumb Code     4  stm32f10x_tim.o(.text)
    TIM_SetCompare4                          0x08002ad1   Thumb Code     6  stm32f10x_tim.o(.text)
    TIM_SetClockDivision                     0x08002ad7   Thumb Code    18  stm32f10x_tim.o(.text)
    TIM_GetCapture1                          0x08002ae9   Thumb Code     6  stm32f10x_tim.o(.text)
    TIM_GetCapture2                          0x08002aef   Thumb Code     6  stm32f10x_tim.o(.text)
    TIM_GetCapture3                          0x08002af5   Thumb Code     6  stm32f10x_tim.o(.text)
    TIM_GetCapture4                          0x08002afb   Thumb Code     8  stm32f10x_tim.o(.text)
    TIM_GetCounter                           0x08002b03   Thumb Code     6  stm32f10x_tim.o(.text)
    TIM_GetPrescaler                         0x08002b09   Thumb Code     6  stm32f10x_tim.o(.text)
    TIM_GetFlagStatus                        0x08002b0f   Thumb Code    18  stm32f10x_tim.o(.text)
    TIM_ClearFlag                            0x08002b21   Thumb Code     6  stm32f10x_tim.o(.text)
    TIM_GetITStatus                          0x08002b27   Thumb Code    34  stm32f10x_tim.o(.text)
    TIM_ClearITPendingBit                    0x08002b49   Thumb Code     6  stm32f10x_tim.o(.text)
    USART_DeInit                             0x08002b51   Thumb Code   134  stm32f10x_usart.o(.text)
    USART_Init                               0x08002bd7   Thumb Code   210  stm32f10x_usart.o(.text)
    USART_StructInit                         0x08002ca9   Thumb Code    24  stm32f10x_usart.o(.text)
    USART_ClockInit                          0x08002cc1   Thumb Code    34  stm32f10x_usart.o(.text)
    USART_ClockStructInit                    0x08002ce3   Thumb Code    12  stm32f10x_usart.o(.text)
    USART_Cmd                                0x08002cef   Thumb Code    24  stm32f10x_usart.o(.text)
    USART_ITConfig                           0x08002d07   Thumb Code    74  stm32f10x_usart.o(.text)
    USART_DMACmd                             0x08002d51   Thumb Code    18  stm32f10x_usart.o(.text)
    USART_SetAddress                         0x08002d63   Thumb Code    18  stm32f10x_usart.o(.text)
    USART_WakeUpConfig                       0x08002d75   Thumb Code    18  stm32f10x_usart.o(.text)
    USART_ReceiverWakeUpCmd                  0x08002d87   Thumb Code    24  stm32f10x_usart.o(.text)
    USART_LINBreakDetectLengthConfig         0x08002d9f   Thumb Code    18  stm32f10x_usart.o(.text)
    USART_LINCmd                             0x08002db1   Thumb Code    24  stm32f10x_usart.o(.text)
    USART_SendData                           0x08002dc9   Thumb Code     8  stm32f10x_usart.o(.text)
    USART_ReceiveData                        0x08002dd1   Thumb Code    10  stm32f10x_usart.o(.text)
    USART_SendBreak                          0x08002ddb   Thumb Code    10  stm32f10x_usart.o(.text)
    USART_SetGuardTime                       0x08002de5   Thumb Code    16  stm32f10x_usart.o(.text)
    USART_SetPrescaler                       0x08002df5   Thumb Code    16  stm32f10x_usart.o(.text)
    USART_SmartCardCmd                       0x08002e05   Thumb Code    24  stm32f10x_usart.o(.text)
    USART_SmartCardNACKCmd                   0x08002e1d   Thumb Code    24  stm32f10x_usart.o(.text)
    USART_HalfDuplexCmd                      0x08002e35   Thumb Code    24  stm32f10x_usart.o(.text)
    USART_OverSampling8Cmd                   0x08002e4d   Thumb Code    22  stm32f10x_usart.o(.text)
    USART_OneBitMethodCmd                    0x08002e63   Thumb Code    24  stm32f10x_usart.o(.text)
    USART_IrDAConfig                         0x08002e7b   Thumb Code    18  stm32f10x_usart.o(.text)
    USART_IrDACmd                            0x08002e8d   Thumb Code    24  stm32f10x_usart.o(.text)
    USART_GetFlagStatus                      0x08002ea5   Thumb Code    26  stm32f10x_usart.o(.text)
    USART_ClearFlag                          0x08002ebf   Thumb Code    18  stm32f10x_usart.o(.text)
    USART_GetITStatus                        0x08002ed1   Thumb Code    84  stm32f10x_usart.o(.text)
    USART_ClearITPendingBit                  0x08002f25   Thumb Code    52  stm32f10x_usart.o(.text)
    delay_init                               0x08002f59   Thumb Code    50  delay.o(.text)
    delay_us                                 0x08002f8b   Thumb Code    72  delay.o(.text)
    delay_ms                                 0x08002fd3   Thumb Code    72  delay.o(.text)
    _sys_exit                                0x0800302d   Thumb Code     4  usart.o(.text)
    fputc                                    0x08003031   Thumb Code    24  usart.o(.text)
    uart_init                                0x08003049   Thumb Code   152  usart.o(.text)
    USART1_IRQHandler                        0x080030e1   Thumb Code   122  usart.o(.text)
    speex_bits_reset                         0x0800316d   Thumb Code    16  bits.o(.text)
    speex_bits_init                          0x0800317d   Thumb Code    40  bits.o(.text)
    speex_bits_init_buffer                   0x080031a5   Thumb Code    24  bits.o(.text)
    speex_bits_set_bit_buffer                0x080031bd   Thumb Code    22  bits.o(.text)
    speex_bits_destroy                       0x080031d3   Thumb Code    22  bits.o(.text)
    speex_bits_rewind                        0x080031e9   Thumb Code    10  bits.o(.text)
    speex_bits_read_from                     0x080031f3   Thumb Code   100  bits.o(.text)
    speex_bits_read_whole_bytes              0x0800329b   Thumb Code   138  bits.o(.text)
    speex_bits_pack                          0x08003325   Thumb Code   170  bits.o(.text)
    speex_bits_insert_terminator             0x080033cf   Thumb Code    38  bits.o(.text)
    speex_bits_write                         0x080033f5   Thumb Code    82  bits.o(.text)
    speex_bits_write_whole_bytes             0x08003447   Thumb Code    72  bits.o(.text)
    speex_bits_unpack_unsigned               0x0800348f   Thumb Code    90  bits.o(.text)
    speex_bits_unpack_signed                 0x080034e9   Thumb Code    36  bits.o(.text)
    speex_bits_peek_unsigned                 0x0800350d   Thumb Code    78  bits.o(.text)
    speex_bits_peek                          0x0800355b   Thumb Code    50  bits.o(.text)
    speex_bits_advance                       0x0800358d   Thumb Code   368  bits.o(.text)
    speex_bits_remaining                     0x080036fd   Thumb Code    26  bits.o(.text)
    speex_bits_nbytes                        0x08003717   Thumb Code    10  bits.o(.text)
    _spx_lpc                                 0x08003731   Thumb Code   278  lpc.o(.text)
    _spx_autocorr                            0x08003847   Thumb Code   130  lpc.o(.text)
    lpc_to_lsp                               0x080039bd   Thumb Code   640  lsp.o(.text)
    lsp_to_lpc                               0x08003c3d   Thumb Code   852  lsp.o(.text)
    lsp_enforce_margin                       0x08003f91   Thumb Code   126  lsp.o(.text)
    lsp_interpolate                          0x0800400f   Thumb Code    92  lsp.o(.text)
    speex_encoder_init                       0x08004151   Thumb Code    12  speex.o(.text)
    speex_decoder_init                       0x0800415d   Thumb Code    12  speex.o(.text)
    speex_encoder_destroy                    0x08004169   Thumb Code    14  speex.o(.text)
    speex_decoder_destroy                    0x08004177   Thumb Code    14  speex.o(.text)
    speex_encode_native                      0x08004185   Thumb Code    22  speex.o(.text)
    speex_decode_native                      0x0800419b   Thumb Code    22  speex.o(.text)
    speex_encode_int                         0x080041b1   Thumb Code    26  speex.o(.text)
    speex_decode_int                         0x080041cb   Thumb Code    26  speex.o(.text)
    speex_encoder_ctl                        0x080041e5   Thumb Code    22  speex.o(.text)
    speex_decoder_ctl                        0x080041fb   Thumb Code    22  speex.o(.text)
    nb_mode_query                            0x08004211   Thumb Code    84  speex.o(.text)
    speex_lib_ctl                            0x08004265   Thumb Code    66  speex.o(.text)
    speex_inband_handler                     0x080042fd   Thumb Code   102  speex_callbacks.o(.text)
    speex_std_mode_request_handler           0x08004363   Thumb Code    32  speex_callbacks.o(.text)
    speex_std_low_mode_request_handler       0x08004383   Thumb Code    32  speex_callbacks.o(.text)
    speex_std_high_mode_request_handler      0x080043a3   Thumb Code    32  speex_callbacks.o(.text)
    speex_std_enh_request_handler            0x080043c3   Thumb Code    32  speex_callbacks.o(.text)
    speex_std_char_handler                   0x080043e3   Thumb Code    34  speex_callbacks.o(.text)
    speex_default_user_handler               0x08004405   Thumb Code    36  speex_callbacks.o(.text)
    split_cb_search_shape_sign               0x080047f3   Thumb Code  1530  cb_search.o(.text)
    split_cb_shape_sign_unquant              0x08004ded   Thumb Code   222  cb_search.o(.text)
    noise_codebook_quant                     0x08004ecb   Thumb Code    94  cb_search.o(.text)
    noise_codebook_unquant                   0x08004f29   Thumb Code    70  cb_search.o(.text)
    compute_impulse_response                 0x08005007   Thumb Code  1076  filters.o(.text)
    bw_lpc                                   0x0800543b   Thumb Code    48  filters.o(.text)
    sanitize_values32                        0x0800546b   Thumb Code    66  filters.o(.text)
    highpass                                 0x080054ad   Thumb Code   248  filters.o(.text)
    signal_mul                               0x080055a5   Thumb Code    54  filters.o(.text)
    signal_div                               0x080055db   Thumb Code   178  filters.o(.text)
    compute_rms                              0x0800568d   Thumb Code   154  filters.o(.text)
    compute_rms16                            0x08005727   Thumb Code   316  filters.o(.text)
    normalize16                              0x08005863   Thumb Code    82  filters.o(.text)
    syn_percep_zero16                        0x080058b5   Thumb Code   110  filters.o(.text)
    residue_percep_zero16                    0x08005923   Thumb Code   110  filters.o(.text)
    qmf_decomp                               0x08005991   Thumb Code   462  filters.o(.text)
    qmf_synth                                0x08005b5f   Thumb Code   806  filters.o(.text)
    interp_pitch                             0x08005e85   Thumb Code   380  filters.o(.text)
    multicomb                                0x08006001   Thumb Code   956  filters.o(.text)
    pitch_gain_search_3tap_vq                0x0800644f   Thumb Code   282  ltp.o(.text)
    pitch_xcorr                              0x08006569   Thumb Code    52  ltp.o(.text)
    open_loop_nbest_pitch                    0x0800659d   Thumb Code   842  ltp.o(.text)
    pitch_search_3tap                        0x08006d53   Thumb Code   666  ltp.o(.text)
    pitch_unquant_3tap                       0x08006fed   Thumb Code   484  ltp.o(.text)
    forced_pitch_quant                       0x080071d1   Thumb Code   270  ltp.o(.text)
    forced_pitch_unquant                     0x080072df   Thumb Code    98  ltp.o(.text)
    nb_encoder_init                          0x080073f9   Thumb Code   366  nb_celp.o(.text)
    nb_encoder_destroy                       0x08007567   Thumb Code    94  nb_celp.o(.text)
    nb_encode                                0x080075c5   Thumb Code  3810  nb_celp.o(.text)
    nb_decoder_init                          0x080084a7   Thumb Code   312  nb_celp.o(.text)
    nb_decoder_destroy                       0x080085df   Thumb Code    50  nb_celp.o(.text)
    nb_decode                                0x080087c5   Thumb Code  4140  nb_celp.o(.text)
    nb_encoder_ctl                           0x080097f1   Thumb Code   646  nb_celp.o(.text)
    nb_decoder_ctl                           0x08009a77   Thumb Code   482  nb_celp.o(.text)
    lsp_quant_nb                             0x08009e0f   Thumb Code   332  quant_lsp.o(.text)
    lsp_unquant_nb                           0x08009f5b   Thumb Code   264  quant_lsp.o(.text)
    lsp_quant_lbr                            0x0800a063   Thumb Code   670  quant_lsp.o(.text)
    lsp_unquant_lbr                          0x0800a301   Thumb Code   172  quant_lsp.o(.text)
    lsp_quant_high                           0x0800a3ad   Thumb Code    28  quant_lsp.o(.text)
    lsp_unquant_high                         0x0800a3c9   Thumb Code    22  quant_lsp.o(.text)
    scal_quant                               0x0800a441   Thumb Code    28  vq.o(.text)
    scal_quant32                             0x0800a45d   Thumb Code    26  vq.o(.text)
    vq_nbest_sign                            0x0800a477   Thumb Code   194  vq.o(.text)
    ADC1_Config                              0x0800a539   Thumb Code   264  adc.o(.text)
    ADC1_DMA1_Config                         0x0800a641   Thumb Code   124  adc.o(.text)
    ADC1_Init                                0x0800a6bd   Thumb Code    12  adc.o(.text)
    ADC1Close                                0x0800a6c9   Thumb Code    28  adc.o(.text)
    ADC1Open                                 0x0800a6e5   Thumb Code    28  adc.o(.text)
    ADCTran                                  0x0800a701   Thumb Code    28  adc.o(.text)
    DAC1_Config                              0x0800a731   Thumb Code   198  dac.o(.text)
    DAC1_DMA2_Config                         0x0800a7f7   Thumb Code   124  dac.o(.text)
    DAC1_Init                                0x0800a873   Thumb Code    12  dac.o(.text)
    DAC1Open                                 0x0800a87f   Thumb Code    28  dac.o(.text)
    DAC1Close                                0x0800a89b   Thumb Code    30  dac.o(.text)
    DACTran                                  0x0800a8b9   Thumb Code    28  dac.o(.text)
    KEY_Init                                 0x0800a8e9   Thumb Code    62  key.o(.text)
    KEY_Scan                                 0x0800a927   Thumb Code   114  key.o(.text)
    LED_Init                                 0x0800a9a9   Thumb Code    72  led.o(.text)
    DMA1_Channel1_IRQHandler                 0x0800a9f9   Thumb Code    68  nvic.o(.text)
    DMA2_Channel3_IRQHandler                 0x0800aa3d   Thumb Code    68  nvic.o(.text)
    Speex_Init                               0x0800aaa1   Thumb Code    84  edcode.o(.text)
    Encode                                   0x0800aaf5   Thumb Code    32  edcode.o(.text)
    Decode                                   0x0800ab15   Thumb Code    32  edcode.o(.text)
    LCD_WR_REG                               0x0800ab69   Thumb Code    28  lcd.o(.text)
    LCD_WR_DATAX                             0x0800ab85   Thumb Code    28  lcd.o(.text)
    LCD_RD_DATA                              0x0800aba1   Thumb Code    98  lcd.o(.text)
    LCD_WriteReg                             0x0800ac03   Thumb Code    40  lcd.o(.text)
    LCD_ReadReg                              0x0800ac2b   Thumb Code    16  lcd.o(.text)
    LCD_WriteRAM_Prepare                     0x0800ac3b   Thumb Code    12  lcd.o(.text)
    LCD_WriteRAM                             0x0800ac47   Thumb Code    28  lcd.o(.text)
    LCD_BGR2RGB                              0x0800ac63   Thumb Code    26  lcd.o(.text)
    opt_delay                                0x0800ac7d   Thumb Code    14  lcd.o(.text)
    LCD_SetCursor                            0x0800ac8b   Thumb Code   956  lcd.o(.text)
    LCD_ReadPoint                            0x0800b047   Thumb Code   506  lcd.o(.text)
    LCD_DisplayOn                            0x0800b241   Thumb Code    92  lcd.o(.text)
    LCD_DisplayOff                           0x0800b29d   Thumb Code    90  lcd.o(.text)
    LCD_Scan_Dir                             0x0800b2f7   Thumb Code  1126  lcd.o(.text)
    LCD_DrawPoint                            0x0800b75d   Thumb Code    52  lcd.o(.text)
    LCD_Fast_DrawPoint                       0x0800b791   Thumb Code   854  lcd.o(.text)
    LCD_SSD_BackLightSet                     0x0800bae7   Thumb Code   220  lcd.o(.text)
    LCD_Display_Dir                          0x0800bbc3   Thumb Code   444  lcd.o(.text)
    LCD_Set_Window                           0x0800bd7f   Thumb Code  1078  lcd.o(.text)
    LCD_Clear                                0x0800c1b5   Thumb Code   122  lcd.o(.text)
    LCD_Init                                 0x0800c22f   Thumb Code  1128  lcd.o(.text)
    LCD_Fill                                 0x0800c697   Thumb Code   200  lcd.o(.text)
    LCD_Color_Fill                           0x0800c75f   Thumb Code   148  lcd.o(.text)
    LCD_DrawLine                             0x0800c7f3   Thumb Code   176  lcd.o(.text)
    LCD_DrawRectangle                        0x0800c8a3   Thumb Code    60  lcd.o(.text)
    LCD_Draw_Circle                          0x0800c8df   Thumb Code   152  lcd.o(.text)
    LCD_ShowChar                             0x0800c977   Thumb Code   272  lcd.o(.text)
    LCD_Pow                                  0x0800ca87   Thumb Code    22  lcd.o(.text)
    LCD_ShowNum                              0x0800ca9d   Thumb Code   148  lcd.o(.text)
    LCD_ShowxNum                             0x0800cb31   Thumb Code   224  lcd.o(.text)
    LCD_ShowString                           0x0800cc11   Thumb Code   102  lcd.o(.text)
    NRF24L01_Init                            0x0800cc79   Thumb Code   198  24l01.o(.text)
    NRF24L01_Read_Buf                        0x0800cd3f   Thumb Code    60  24l01.o(.text)
    NRF24L01_Write_Buf                       0x0800cd7b   Thumb Code    60  24l01.o(.text)
    NRF24L01_Check                           0x0800cdb7   Thumb Code    72  24l01.o(.text)
    NRF24L01_Write_Reg                       0x0800cdff   Thumb Code    40  24l01.o(.text)
    NRF24L01_Read_Reg                        0x0800ce27   Thumb Code    38  24l01.o(.text)
    NRF24L01_TxPacket                        0x0800ce4d   Thumb Code    92  24l01.o(.text)
    NRF24L01_RxPacket                        0x0800cea9   Thumb Code    58  24l01.o(.text)
    NRF24L01_RX_Mode                         0x0800cee3   Thumb Code    76  24l01.o(.text)
    NRF24L01_TX_Mode                         0x0800cf2f   Thumb Code    86  24l01.o(.text)
    SPI1_ReadWriteByte                       0x0800cfad   Thumb Code    78  spi.o(.text)
    SPI1_Init                                0x0800cffb   Thumb Code   108  spi.o(.text)
    SPI1_SetSpeed                            0x0800d067   Thumb Code    34  spi.o(.text)
    ___aeabi_memcpy8$move                    0x0800d095   Thumb Code     0  memmovea.o(.text)
    __aeabi_memcpy                           0x0800d095   Thumb Code    64  memmovea.o(.text)
    __aeabi_memcpy4                          0x0800d095   Thumb Code     0  memmovea.o(.text)
    __aeabi_memmove                          0x0800d095   Thumb Code     0  memmovea.o(.text)
    __aeabi_memmove4                         0x0800d095   Thumb Code     0  memmovea.o(.text)
    __aeabi_memmove8                         0x0800d095   Thumb Code     0  memmovea.o(.text)
    __aeabi_memset                           0x0800d0d5   Thumb Code    14  memseta.o(.text)
    __aeabi_memset4                          0x0800d0d5   Thumb Code     0  memseta.o(.text)
    __aeabi_memset8                          0x0800d0d5   Thumb Code     0  memseta.o(.text)
    __aeabi_memclr                           0x0800d0e3   Thumb Code     4  memseta.o(.text)
    __aeabi_memclr4                          0x0800d0e3   Thumb Code     0  memseta.o(.text)
    __aeabi_memclr8                          0x0800d0e3   Thumb Code     0  memseta.o(.text)
    _memset$wrapper                          0x0800d0e7   Thumb Code    18  memseta.o(.text)
    calloc                                   0x0800d0f9   Thumb Code    28  calloc.o(.text)
    __aeabi_dmul                             0x0800d115   Thumb Code   228  dmul.o(.text)
    __aeabi_ui2d                             0x0800d1f9   Thumb Code    26  dfltui.o(.text)
    __aeabi_d2uiz                            0x0800d213   Thumb Code    50  dfixui.o(.text)
    __aeabi_uldivmod                         0x0800d245   Thumb Code    98  uldiv.o(.text)
    __aeabi_llsr                             0x0800d2a7   Thumb Code    32  llushr.o(.text)
    _ll_ushift_r                             0x0800d2a7   Thumb Code     0  llushr.o(.text)
    __I$use$fp                               0x0800d2c7   Thumb Code     0  iusefp.o(.text)
    _double_round                            0x0800d2c7   Thumb Code    30  depilogue.o(.text)
    _double_epilogue                         0x0800d2e5   Thumb Code   156  depilogue.o(.text)
    __scatterload                            0x0800d381   Thumb Code    28  init.o(.text)
    __scatterload_rt2                        0x0800d381   Thumb Code     0  init.o(.text)
    __aeabi_llsl                             0x0800d3a5   Thumb Code    30  llshl.o(.text)
    _ll_shift_l                              0x0800d3a5   Thumb Code     0  llshl.o(.text)
    fir_mem16                                0x0800d3c5   Thumb Code   196  filters.o(ei.fir_mem16)
    __0printf$5                              0x0800d489   Thumb Code    22  printf5.o(i.__0printf$5)
    __1printf$5                              0x0800d489   Thumb Code     0  printf5.o(i.__0printf$5)
    __2printf                                0x0800d489   Thumb Code     0  printf5.o(i.__0printf$5)
    free                                     0x0800d4a9   Thumb Code    88  mallocr.o(i.__free$realloc)
    malloc                                   0x0800d505   Thumb Code    64  mallocr.o(i.__malloc$realloc)
    __scatterload_copy                       0x0800d555   Thumb Code    14  handlers.o(i.__scatterload_copy)
    __scatterload_null                       0x0800d563   Thumb Code     2  handlers.o(i.__scatterload_null)
    __scatterload_zeroinit                   0x0800d565   Thumb Code    14  handlers.o(i.__scatterload_zeroinit)
    realloc                                  0x0800d885   Thumb Code   102  mallocr.o(i.realloc)
    gain_cdbk_lbr                            0x0800d8f0   Data         128  gain_table_lbr.o(.constdata)
    lag_window                               0x0800d970   Data          22  window.o(.constdata)
    lpc_window                               0x0800d986   Data         400  window.o(.constdata)
    shift_filt                               0x0800db18   Data          42  filters.o(.constdata)
    speex_nb_mode                            0x0800dd68   Data          52  modes.o(.constdata)
    ol_gain_table                            0x0800dd9c   Data         128  nb_celp.o(.constdata)
    exc_gain_quant_scal3_bound               0x0800de1c   Data          14  nb_celp.o(.constdata)
    exc_gain_quant_scal3                     0x0800de2a   Data          16  nb_celp.o(.constdata)
    exc_gain_quant_scal1_bound               0x0800de3a   Data           2  nb_celp.o(.constdata)
    exc_gain_quant_scal1                     0x0800de3c   Data           4  nb_celp.o(.constdata)
    attenuation                              0x0800de40   Data          20  nb_celp.o(.constdata)
    exc_10_32_table                          0x0800de74   Data         320  exc_10_32_table.o(.constdata)
    cdbk_nb                                  0x0800dfb4   Data         640  lsp_tables_nb.o(.constdata)
    cdbk_nb_low1                             0x0800e234   Data         320  lsp_tables_nb.o(.constdata)
    cdbk_nb_low2                             0x0800e374   Data         320  lsp_tables_nb.o(.constdata)
    cdbk_nb_high1                            0x0800e4b4   Data         320  lsp_tables_nb.o(.constdata)
    cdbk_nb_high2                            0x0800e5f4   Data         320  lsp_tables_nb.o(.constdata)
    asc2_1206                                0x0800e734   Data        1140  lcd.o(.constdata)
    asc2_1608                                0x0800eba8   Data        1520  lcd.o(.constdata)
    asc2_2412                                0x0800f198   Data        3420  lcd.o(.constdata)
    TX_ADDRESS                               0x0800fef4   Data           5  24l01.o(.constdata)
    RX_ADDRESS                               0x0800fef9   Data           5  24l01.o(.constdata)
    Region$$Table$$Base                      0x0800ff0c   Number         0  anon$$obj.o(Region$$Table)
    Region$$Table$$Limit                     0x0800ff2c   Number         0  anon$$obj.o(Region$$Table)
    key                                      0x20000000   Data           1  main.o(.data)
    TranFlag                                 0x20000001   Data           1  main.o(.data)
    ReceFlag                                 0x20000002   Data           1  main.o(.data)
    adcval                                   0x20000004   Data           2  main.o(.data)
    SystemCoreClock                          0x20000008   Data           4  system_stm32f10x.o(.data)
    AHBPrescTable                            0x2000000c   Data          16  system_stm32f10x.o(.data)
    __stdout                                 0x20000034   Data           4  usart.o(.data)
    USART_RX_STA                             0x20000038   Data           2  usart.o(.data)
    enc_state                                0x20000040   Data           4  edcode.o(.data)
    dec_state                                0x20000044   Data           4  edcode.o(.data)
    quality                                  0x20000048   Data           4  edcode.o(.data)
    complexity                               0x2000004c   Data           4  edcode.o(.data)
    vbr                                      0x20000050   Data           4  edcode.o(.data)
    enh                                      0x20000054   Data           4  edcode.o(.data)
    POINT_COLOR                              0x20000058   Data           2  lcd.o(.data)
    BACK_COLOR                               0x2000005a   Data           2  lcd.o(.data)
    __microlib_freelist                      0x2000005c   Data           4  mvars.o(.data)
    __microlib_freelist_initialised          0x20000060   Data           4  mvars.o(.data)
    encode_out                               0x20000064   Data          20  main.o(.bss)
    decode_out                               0x20000078   Data          20  main.o(.bss)
    ADCBuff                                  0x2000008c   Data         320  main.o(.bss)
    DACBuff                                  0x200001cc   Data         320  main.o(.bss)
    TrueDACBuff                              0x2000030c   Data         320  main.o(.bss)
    USART_RX_BUF                             0x2000044c   Data         200  usart.o(.bss)
    bitsEncode                               0x20000514   Data          36  edcode.o(.bss)
    bitsDecode                               0x20000538   Data          36  edcode.o(.bss)
    lcddev                                   0x2000055c   Data          14  lcd.o(.bss)
    SPI_InitStructure                        0x2000056a   Data          18  spi.o(.bss)
    __heap_base                              0x20000580   Data           0  startup_stm32f10x_hd.o(HEAP)
    __heap_limit                             0x20004580   Data           0  startup_stm32f10x_hd.o(HEAP)
    __initial_sp                             0x20008580   Data           0  startup_stm32f10x_hd.o(STACK)



==============================================================================

Memory Map of the image

  Image Entry point : 0x08000131

  Load Region LR_IROM1 (Base: 0x08000000, Size: 0x0000ff90, Max: 0x00040000, ABSOLUTE)

    Execution Region ER_IROM1 (Base: 0x08000000, Size: 0x0000ff2c, Max: 0x00040000, ABSOLUTE)

    Base Addr    Size         Type   Attr      Idx    E Section Name        Object

    0x08000000   0x00000130   Data   RO          200    RESET               startup_stm32f10x_hd.o
    0x08000130   0x00000000   Code   RO         1148  * .ARM.Collect$$$$00000000  mc_w.l(entry.o)
    0x08000130   0x00000004   Code   RO         1462    .ARM.Collect$$$$00000001  mc_w.l(entry2.o)
    0x08000134   0x00000004   Code   RO         1465    .ARM.Collect$$$$00000004  mc_w.l(entry5.o)
    0x08000138   0x00000000   Code   RO         1467    .ARM.Collect$$$$00000008  mc_w.l(entry7b.o)
    0x08000138   0x00000000   Code   RO         1469    .ARM.Collect$$$$0000000A  mc_w.l(entry8b.o)
    0x08000138   0x00000008   Code   RO         1470    .ARM.Collect$$$$0000000B  mc_w.l(entry9a.o)
    0x08000140   0x00000000   Code   RO         1472    .ARM.Collect$$$$0000000D  mc_w.l(entry10a.o)
    0x08000140   0x00000000   Code   RO         1474    .ARM.Collect$$$$0000000F  mc_w.l(entry11a.o)
    0x08000140   0x00000004   Code   RO         1463    .ARM.Collect$$$$00002712  mc_w.l(entry2.o)
    0x08000144   0x000001f0   Code   RO          820    .emb_text           filters.o
    0x08000334   0x0000023e   Code   RO          852    .emb_text           ltp.o
    0x08000572   0x00000002   PAD
    0x08000574   0x000000aa   Code   RO          960    .emb_text           vq.o
    0x0800061e   0x00000002   PAD
    0x08000620   0x000001dc   Code   RO            1    .text               main.o
    0x080007fc   0x0000001a   Code   RO          154    .text               stm32f10x_it.o
    0x08000816   0x00000002   PAD
    0x08000818   0x000001e0   Code   RO          169    .text               system_stm32f10x.o
    0x080009f8   0x00000024   Code   RO          201    .text               startup_stm32f10x_hd.o
    0x08000a1c   0x000000dc   Code   RO          205    .text               misc.o
    0x08000af8   0x0000044e   Code   RO          243    .text               stm32f10x_adc.o
    0x08000f46   0x00000002   PAD
    0x08000f48   0x0000018c   Code   RO          303    .text               stm32f10x_dac.o
    0x080010d4   0x00000254   Code   RO          327    .text               stm32f10x_dma.o
    0x08001328   0x0000035c   Code   RO          375    .text               stm32f10x_gpio.o
    0x08001684   0x000003a4   Code   RO          423    .text               stm32f10x_rcc.o
    0x08001a28   0x0000030c   Code   RO          461    .text               stm32f10x_spi.o
    0x08001d34   0x00000e1a   Code   RO          473    .text               stm32f10x_tim.o
    0x08002b4e   0x00000002   PAD
    0x08002b50   0x00000408   Code   RO          485    .text               stm32f10x_usart.o
    0x08002f58   0x000000d4   Code   RO          509    .text               delay.o
    0x0800302c   0x00000140   Code   RO          539    .text               usart.o
    0x0800316c   0x000005c4   Code   RO          607    .text               bits.o
    0x08003730   0x00000198   Code   RO          658    .text               lpc.o
    0x080038c8   0x00000888   Code   RO          676    .text               lsp.o
    0x08004150   0x000001ac   Code   RO          715    .text               speex.o
    0x080042fc   0x0000012c   Code   RO          737    .text               speex_callbacks.o
    0x08004428   0x00000b50   Code   RO          792    .text               cb_search.o
    0x08004f78   0x00001448   Code   RO          821    .text               filters.o
    0x080063c0   0x00000f84   Code   RO          853    .text               ltp.o
    0x08007344   0x00002964   Code   RO          916    .text               nb_celp.o
    0x08009ca8   0x00000798   Code   RO          948    .text               quant_lsp.o
    0x0800a440   0x000000f8   Code   RO          961    .text               vq.o
    0x0800a538   0x000001f8   Code   RO          993    .text               adc.o
    0x0800a730   0x000001b8   Code   RO         1009    .text               dac.o
    0x0800a8e8   0x000000c0   Code   RO         1025    .text               key.o
    0x0800a9a8   0x00000050   Code   RO         1038    .text               led.o
    0x0800a9f8   0x000000a8   Code   RO         1050    .text               nvic.o
    0x0800aaa0   0x000000c8   Code   RO         1067    .text               edcode.o
    0x0800ab68   0x0000210e   Code   RO         1087    .text               lcd.o
    0x0800cc76   0x00000002   PAD
    0x0800cc78   0x00000334   Code   RO         1118    .text               24l01.o
    0x0800cfac   0x000000e8   Code   RO         1133    .text               spi.o
    0x0800d094   0x00000040   Code   RO         1153    .text               mc_w.l(memmovea.o)
    0x0800d0d4   0x00000024   Code   RO         1155    .text               mc_w.l(memseta.o)
    0x0800d0f8   0x0000001c   Code   RO         1454    .text               mc_w.l(calloc.o)
    0x0800d114   0x000000e4   Code   RO         1456    .text               mf_w.l(dmul.o)
    0x0800d1f8   0x0000001a   Code   RO         1458    .text               mf_w.l(dfltui.o)
    0x0800d212   0x00000032   Code   RO         1460    .text               mf_w.l(dfixui.o)
    0x0800d244   0x00000062   Code   RO         1478    .text               mc_w.l(uldiv.o)
    0x0800d2a6   0x00000020   Code   RO         1480    .text               mc_w.l(llushr.o)
    0x0800d2c6   0x00000000   Code   RO         1484    .text               mc_w.l(iusefp.o)
    0x0800d2c6   0x000000ba   Code   RO         1485    .text               mf_w.l(depilogue.o)
    0x0800d380   0x00000024   Code   RO         1495    .text               mc_w.l(init.o)
    0x0800d3a4   0x0000001e   Code   RO         1497    .text               mc_w.l(llshl.o)
    0x0800d3c2   0x00000002   PAD
    0x0800d3c4   0x000000c4   Code   RO          836    ei.fir_mem16        filters.o
    0x0800d488   0x00000020   Code   RO         1298    i.__0printf$5       mc_w.l(printf5.o)
    0x0800d4a8   0x0000005c   Code   RO         1430    i.__free$realloc    mc_w.l(mallocr.o)
    0x0800d504   0x00000050   Code   RO         1431    i.__malloc$realloc  mc_w.l(mallocr.o)
    0x0800d554   0x0000000e   Code   RO         1503    i.__scatterload_copy  mc_w.l(handlers.o)
    0x0800d562   0x00000002   Code   RO         1504    i.__scatterload_null  mc_w.l(handlers.o)
    0x0800d564   0x0000000e   Code   RO         1505    i.__scatterload_zeroinit  mc_w.l(handlers.o)
    0x0800d572   0x00000002   PAD
    0x0800d574   0x000002c0   Code   RO         1305    i._printf_core      mc_w.l(printf5.o)
    0x0800d834   0x00000050   Code   RO         1432    i.internal_alloc    mc_w.l(mallocr.o)
    0x0800d884   0x0000006c   Code   RO         1433    i.realloc           mc_w.l(mallocr.o)
    0x0800d8f0   0x00000080   Data   RO          701    .constdata          gain_table_lbr.o
    0x0800d970   0x000001a6   Data   RO          783    .constdata          window.o
    0x0800db16   0x00000002   PAD
    0x0800db18   0x0000006a   Data   RO          822    .constdata          filters.o
    0x0800db82   0x00000002   PAD
    0x0800db84   0x00000100   Data   RO          854    .constdata          ltp.o
    0x0800dc84   0x00000118   Data   RO          873    .constdata          modes.o
    0x0800dd9c   0x000000d8   Data   RO          917    .constdata          nb_celp.o
    0x0800de74   0x00000140   Data   RO          979    .constdata          exc_10_32_table.o
    0x0800dfb4   0x00000780   Data   RO          986    .constdata          lsp_tables_nb.o
    0x0800e734   0x000017c0   Data   RO         1089    .constdata          lcd.o
    0x0800fef4   0x0000000a   Data   RO         1119    .constdata          24l01.o
    0x0800fefe   0x00000002   PAD
    0x0800ff00   0x0000000b   Data   RO          874    .conststring        modes.o
    0x0800ff0b   0x00000001   PAD
    0x0800ff0c   0x00000020   Data   RO         1501    Region$$Table       anon$$obj.o


    Execution Region RW_IRAM1 (Base: 0x20000000, Size: 0x00008580, Max: 0x0000c000, ABSOLUTE)

    Base Addr    Size         Type   Attr      Idx    E Section Name        Object

    0x20000000   0x00000006   Data   RW            3    .data               main.o
    0x20000006   0x00000002   PAD
    0x20000008   0x00000014   Data   RW          170    .data               system_stm32f10x.o
    0x2000001c   0x00000014   Data   RW          424    .data               stm32f10x_rcc.o
    0x20000030   0x00000004   Data   RW          510    .data               delay.o
    0x20000034   0x00000006   Data   RW          541    .data               usart.o
    0x2000003a   0x00000001   Data   RW         1026    .data               key.o
    0x2000003b   0x00000001   PAD
    0x2000003c   0x00000002   Data   RW         1051    .data               nvic.o
    0x2000003e   0x00000002   PAD
    0x20000040   0x00000018   Data   RW         1069    .data               edcode.o
    0x20000058   0x00000004   Data   RW         1090    .data               lcd.o
    0x2000005c   0x00000004   Data   RW         1482    .data               mc_w.l(mvars.o)
    0x20000060   0x00000004   Data   RW         1483    .data               mc_w.l(mvars.o)
    0x20000064   0x000003e8   Zero   RW            2    .bss                main.o
    0x2000044c   0x000000c8   Zero   RW          540    .bss                usart.o
    0x20000514   0x00000048   Zero   RW         1068    .bss                edcode.o
    0x2000055c   0x0000000e   Zero   RW         1088    .bss                lcd.o
    0x2000056a   0x00000012   Zero   RW         1134    .bss                spi.o
    0x2000057c   0x00000004   PAD
    0x20000580   0x00004000   Zero   RW          199    HEAP                startup_stm32f10x_hd.o
    0x20004580   0x00004000   Zero   RW          198    STACK               startup_stm32f10x_hd.o


==============================================================================

Image component sizes


      Code (inc. data)   RO Data    RW Data    ZI Data      Debug   Object Name

       820         40         10          0          0       3727   24l01.o
       504         20          0          0          0       1516   adc.o
      1476        316          0          0          0      10416   bits.o
      2896         16          0          0          0       8779   cb_search.o
         0          0          0          0          0         32   core_cm3.o
       440         20          0          0          0       1480   dac.o
       212         18          0          4          0       1051   delay.o
       200         52          0         24         72       1218   edcode.o
         0          0        320          0          0        510   exc_10_32_table.o
      5884         22        106          0          0      15398   filters.o
         0          0        128          0          0        500   gain_table_lbr.o
       192         16          0          1          0        800   key.o
      8462        174       6080          4         14      16819   lcd.o
        80          8          0          0          0        507   led.o
       408          0          0          0          0       1849   lpc.o
      2184         14          0          0          0       6355   lsp.o
         0          0       1920          0          0        704   lsp_tables_nb.o
      4546         14        256          0          0      12359   ltp.o
       476        126          0          6       1000     274837   main.o
       220         22          0          0          0     215693   misc.o
         0          0        291          0          0       7295   modes.o
     10596        288        216          0          0      23619   nb_celp.o
       168         32          0          2          0        760   nvic.o
      1944        120          0          0          0       5808   quant_lsp.o
       428         96          0          0          0       8619   speex.o
       300          0          0          0          0       4657   speex_callbacks.o
       232         12          0          0         18       1325   spi.o
        36          8        304          0      32768        796   startup_stm32f10x_hd.o
      1102         26          0          0          0      10865   stm32f10x_adc.o
       396          6          0          0          0       3678   stm32f10x_dac.o
       596          8          0          0          0       4358   stm32f10x_dma.o
       860         38          0          0          0       5673   stm32f10x_gpio.o
        26          0          0          0          0       1194   stm32f10x_it.o
       932         36          0         20          0       8860   stm32f10x_rcc.o
       780         14          0          0          0       6558   stm32f10x_spi.o
      3610         88          0          0          0      22160   stm32f10x_tim.o
      1032         22          0          0          0       8400   stm32f10x_usart.o
       480         38          0         20          0       1779   system_stm32f10x.o
       320         18          0          6        200       3170   usart.o
       418          0          0          0          0       2544   vq.o
         0          0        422          0          0        668   window.o

    ----------------------------------------------------------------------
     53268       1728      10092         92      34076     707336   Object Totals
         0          0         32          0          0          0   (incl. Generated)
        12          0          7          5          4          0   (incl. Padding)

    ----------------------------------------------------------------------

      Code (inc. data)   RO Data    RW Data    ZI Data      Debug   Library Member Name

        28          0          0          0          0         76   calloc.o
         0          0          0          0          0          0   entry.o
         0          0          0          0          0          0   entry10a.o
         0          0          0          0          0          0   entry11a.o
         8          4          0          0          0          0   entry2.o
         4          0          0          0          0          0   entry5.o
         0          0          0          0          0          0   entry7b.o
         0          0          0          0          0          0   entry8b.o
         8          4          0          0          0          0   entry9a.o
        30          0          0          0          0          0   handlers.o
        36          8          0          0          0         68   init.o
         0          0          0          0          0          0   iusefp.o
        30          0          0          0          0         68   llshl.o
        32          0          0          0          0         68   llushr.o
       360         30          0          0          0        356   mallocr.o
        64          0          0          0          0         76   memmovea.o
        36          0          0          0          0        108   memseta.o
         0          0          0          8          0          0   mvars.o
       736         56          0          0          0        184   printf5.o
        98          0          0          0          0         92   uldiv.o
       186          0          0          0          0        176   depilogue.o
        50          0          0          0          0         76   dfixui.o
        26          0          0          0          0         76   dfltui.o
       228          0          0          0          0         96   dmul.o

    ----------------------------------------------------------------------
      1964        102          0          8          0       1520   Library Totals
         4          0          0          0          0          0   (incl. Padding)

    ----------------------------------------------------------------------

      Code (inc. data)   RO Data    RW Data    ZI Data      Debug   Library Name

      1470        102          0          8          0       1096   mc_w.l
       490          0          0          0          0        424   mf_w.l

    ----------------------------------------------------------------------
      1964        102          0          8          0       1520   Library Totals

    ----------------------------------------------------------------------

==============================================================================


      Code (inc. data)   RO Data    RW Data    ZI Data      Debug   

     55232       1830      10092        100      34076     705056   Grand Totals
     55232       1830      10092        100      34076     705056   ELF Image Totals
     55232       1830      10092        100          0          0   ROM Totals

==============================================================================

    Total RO  Size (Code + RO Data)                65324 (  63.79kB)
    Total RW  Size (RW Data + ZI Data)             34176 (  33.38kB)
    Total ROM Size (Code + RO Data + RW Data)      65424 (  63.89kB)

==============================================================================

